{
  "version": "1.9",
  "tiledversion": "1.9.2",
  "class": "",
  "orientation": "orthogonal",
  "renderorder": "right-down",
  "width": 10,
  "height": 5,
  "tilewidth": 48,
  "tileheight": 48,
  "backgroundcolor": "#00aaff",
  "nextlayerid": 2,
  "nextobjectid": 1,
  "compressionlevel": -1,
  "infinite": false,
  "tilesets": [
    {
      "name": "",
      "firstgid": 1,
      "source": "tileset.tsx"
    }
  ],
  "layers": [
    {
      "x": 0,
      "y": 0,
      "offsetx": 0,
      "offsety": 0,
      "parallaxx": 1,
      "parallaxy": 1,
      "opacity": 1,
      "visible": true,
      "id": 1,
      "name": "Tile Layer 1",
      "class": "",
      "width": 10,
      "height": 5,
      "encoding": "base64",
      "compression": "gzip",
      "data": "H4sIAAAAAAAAA2NgwA2Y8MhRqo4RitH56JgZimGAGQcGAOPlDubIAAAA",
      "type": "tilelayer"
    }
  ],
  "type": "map"
}
