{
  "version": "1.9",
  "tiledversion": "1.9.2",
  "class": "",
  "orientation": "orthogonal",
  "renderorder": "right-down",
  "width": 10,
  "height": 5,
  "tilewidth": 48,
  "tileheight": 48,
  "backgroundcolor": "#00aaff",
  "nextlayerid": 2,
  "nextobjectid": 1,
  "compressionlevel": -1,
  "infinite": true,
  "tilesets": [
    {
      "name": "",
      "firstgid": 1,
      "source": "tileset.tsx"
    }
  ],
  "layers": [
    {
      "x": 0,
      "y": 0,
      "offsetx": 0,
      "offsety": 0,
      "parallaxx": 1,
      "parallaxy": 1,
      "opacity": 1,
      "visible": true,
      "id": 1,
      "name": "Tile Layer 1",
      "class": "",
      "width": 10,
      "height": 5,
      "chunks": [
        {
          "x": 0,
          "y": 0,
          "width": 16,
          "height": 16,
          "data": [
            0, 0, 0, 0, 0, 0, 0, 2, 0, 0, 0, 0, 0, 0, 0, 0,
            0, 0, 0, 0, 0, 0, 0, 2, 0, 0, 0, 0, 0, 0, 0, 0,
            0, 0, 0, 0, 0, 0, 0, 2, 0, 0, 0, 0, 0, 0, 0, 0,
            1, 1, 0, 0, 1, 1, 1, 1, 1, 1, 0, 0, 0, 0, 0, 0,
            3, 3, 0, 0, 3, 3, 3, 3, 3, 3, 0, 0, 0, 0, 0, 0,
            0, 0, 0, 0, 0, 0, 0, 0, 0, 0, 0, 0, 0, 0, 0, 0,
            0, 0, 0, 0, 0, 0, 0, 0, 0, 0, 0, 0, 0, 0, 0, 0,
            0, 0, 0, 0, 0, 0, 0, 0, 0, 0, 0, 0, 0, 0, 0, 0,
            0, 0, 0, 0, 0, 0, 0, 0, 0, 0, 0, 0, 0, 0, 0, 0,
            0, 0, 0, 0, 0, 0, 0, 0, 0, 0, 0, 0, 0, 0, 0, 0,
            0, 0, 0, 0, 0, 0, 0, 0, 0, 0, 0, 0, 0, 0, 0, 0,
            0, 0, 0, 0, 0, 0, 0, 0, 0, 0, 0, 0, 0, 0, 0, 0,
            0, 0, 0, 0, 0, 0, 0, 0, 0, 0, 0, 0, 0, 0, 0, 0,
            0, 0, 0, 0, 0, 0, 0, 0, 0, 0, 0, 0, 0, 0, 0, 0,
            0, 0, 0, 0, 0, 0, 0, 0, 0, 0, 0, 0, 0, 0, 0, 0,
            0, 0, 0, 0, 0, 0, 0, 0, 0, 0, 0, 0, 0, 0, 0, 0
          ]
        }
      ],
      "type": "tilelayer"
    }
  ],
  "type": "map"
}
